../middleware/led.c:10:13:Config_PTD5_Pin	32	static
../middleware/led.c:28:13:Config_PTE29_Pin	32	static
../middleware/led.c:47:13:Toggle_PTD5_Pin	8	static
../middleware/led.c:50:13:Toggle_PTE29_Pin	8	static
../middleware/led.c:55:13:Set_PTD5_Pin	8	static
../middleware/led.c:58:13:Set_PTE29_Pin	8	static
../middleware/led.c:63:13:Clear_PTD5_Pin	8	static
../middleware/led.c:66:13:Clear_PTE29_Pin	8	static
../middleware/led.c:71:6:LED_Init	16	static
../middleware/led.c:83:6:Toggle_LED	16	static
../middleware/led.c:95:6:TurnOff_LED	16	static
../middleware/led.c:106:6:TurnOn_LED	16	static
