../middleware/led.c:14:13:GetDataLightSensor	16	static
../middleware/led.c:19:13:Config_PTD5_Pin	32	static
../middleware/led.c:37:13:Config_PTE29_Pin	32	static
../middleware/led.c:56:13:Config_PTE29_PWM_Pin	32	static
../middleware/led.c:84:13:Toggle_PTD5_Pin	8	static
../middleware/led.c:87:13:Toggle_PTE29_Pin	8	static
../middleware/led.c:92:13:Set_PTD5_Pin	8	static
../middleware/led.c:95:13:Set_PTE29_Pin	8	static
../middleware/led.c:100:13:Clear_PTD5_Pin	8	static
../middleware/led.c:103:13:Clear_PTE29_Pin	8	static
../middleware/led.c:109:13:Enable_PTE29_LighSNS_Pin	24	static
../middleware/led.c:123:6:LED_Init	16	static
../middleware/led.c:138:6:Toggle_LED	16	static
../middleware/led.c:152:6:TurnOff_LED	16	static
../middleware/led.c:164:6:TurnOn_LED	16	static
../middleware/led.c:178:6:Flash_LED_Timer	32	static
